// Jest Snapshot v1, https://goo.gl/fbAQLP

exports[`traverse should traverse deeply 1`] = `
[
  {
    "index": undefined,
    "parentProperty": undefined,
    "path": [],
    "required": undefined,
    "title": "root",
  },
  {
    "index": undefined,
    "parentProperty": "additionalProperties",
    "path": [
      "additionalProperties",
    ],
    "required": undefined,
    "title": "o-ap",
  },
  {
    "index": "and",
    "parentProperty": "properties",
    "path": [
      "properties",
      "and",
    ],
    "required": true,
    "title": "o-and",
  },
  {
    "index": "any",
    "parentProperty": "properties",
    "path": [
      "properties",
      "any",
    ],
    "required": true,
    "title": "o-any",
  },
  {
    "index": "array",
    "parentProperty": "properties",
    "path": [
      "properties",
      "array",
    ],
    "required": false,
    "title": "o-array",
  },
  {
    "index": "boolean",
    "parentProperty": "properties",
    "path": [
      "properties",
      "boolean",
    ],
    "required": true,
    "title": "o-boolean",
  },
  {
    "index": "integer",
    "parentProperty": "properties",
    "path": [
      "properties",
      "integer",
    ],
    "required": false,
    "title": "o-integer",
  },
  {
    "index": "null",
    "parentProperty": "properties",
    "path": [
      "properties",
      "null",
    ],
    "required": true,
    "title": "o-null",
  },
  {
    "index": "number",
    "parentProperty": "properties",
    "path": [
      "properties",
      "number",
    ],
    "required": true,
    "title": "o-number",
  },
  {
    "index": "object",
    "parentProperty": "properties",
    "path": [
      "properties",
      "object",
    ],
    "required": true,
    "title": "o-object",
  },
  {
    "index": "or",
    "parentProperty": "properties",
    "path": [
      "properties",
      "or",
    ],
    "required": true,
    "title": "o-or",
  },
  {
    "index": "ref",
    "parentProperty": "properties",
    "path": [
      "properties",
      "ref",
    ],
    "required": true,
    "title": "o-ref",
  },
  {
    "index": "string",
    "parentProperty": "properties",
    "path": [
      "properties",
      "string",
    ],
    "required": true,
    "title": "o-string",
  },
  {
    "index": "tuple",
    "parentProperty": "properties",
    "path": [
      "properties",
      "tuple",
    ],
    "required": true,
    "title": "o-tuple",
  },
  {
    "index": undefined,
    "parentProperty": "elementType",
    "path": [
      "properties",
      "array",
      "elementType",
    ],
    "required": undefined,
    "title": "o-array-null",
  },
  {
    "index": undefined,
    "parentProperty": "additionalProperties",
    "path": [
      "properties",
      "object",
      "additionalProperties",
    ],
    "required": undefined,
    "title": "o-o-ap",
  },
  {
    "index": undefined,
    "parentProperty": "additionalItems",
    "path": [
      "properties",
      "tuple",
      "additionalItems",
    ],
    "required": undefined,
    "title": "o-tuple-any",
  },
  {
    "index": 0,
    "parentProperty": "and",
    "path": [
      "properties",
      "and",
      "and",
      0,
    ],
    "required": undefined,
    "title": "o-and-number",
  },
  {
    "index": "foo",
    "parentProperty": "properties",
    "path": [
      "properties",
      "object",
      "properties",
      "foo",
    ],
    "required": false,
    "title": "o-o-foo-integer",
  },
  {
    "index": 0,
    "parentProperty": "or",
    "path": [
      "properties",
      "or",
      "or",
      0,
    ],
    "required": undefined,
    "title": "o-or-number",
  },
  {
    "index": 1,
    "parentProperty": "elementTypes",
    "path": [
      "properties",
      "tuple",
      "elementTypes",
      1,
    ],
    "required": undefined,
    "title": "o-tuple-0-boolean",
  },
  {
    "index": 0,
    "parentProperty": "elementTypes",
    "path": [
      "properties",
      "tuple",
      "elementTypes",
      0,
    ],
    "required": undefined,
    "title": "o-tuple-0-number",
  },
]
`;

exports[`traverse should traverse without additionals 1`] = `
[
  {
    "index": undefined,
    "parentProperty": undefined,
    "path": [],
    "required": undefined,
    "title": "",
  },
  {
    "index": "p",
    "parentProperty": "properties",
    "path": [
      "properties",
      "p",
    ],
    "required": false,
    "title": "{"type":"object","properties":{"foo":{"required":true,"node":{"type":"boolean"}}},"additionalProperties":false}",
  },
  {
    "index": "tup",
    "parentProperty": "properties",
    "path": [
      "properties",
      "tup",
    ],
    "required": true,
    "title": "{"type":"tuple","elementTypes":[{"type":"null"}],"minItems":0,"additionalItems":false}",
  },
  {
    "index": "foo",
    "parentProperty": "properties",
    "path": [
      "properties",
      "p",
      "properties",
      "foo",
    ],
    "required": true,
    "title": "{"type":"boolean"}",
  },
  {
    "index": 0,
    "parentProperty": "elementTypes",
    "path": [
      "properties",
      "tup",
      "elementTypes",
      0,
    ],
    "required": undefined,
    "title": "{"type":"null"}",
  },
]
`;
